Microchip MPLAB XC8 Compiler V2.45

Linker command line:

-W-3 \
  --edf=C:\Program Files\Microchip\xc8\v2.45\pic\dat\20230818022343_en.msgs \
  -cn -h+dist/default/production\I2C.X.production.sym \
  --cmf=dist/default/production\I2C.X.production.cmf -z -Q16F877A \
  -oC:\Users\suriy\AppData\Local\Temp\xcAs83g.\driver_tmp_3.o \
  --defsym=__MPLAB_BUILD=1 --fixupoverflow=error \
  -Mdist/default/production/I2C.X.production.map \
  --md=C:\Users\suriy\AppData\Local\Temp\xcAs83g.\driver_tmp_0.dat -E1 \
  -ver=XC8 Compiler --acfsm=1493 -ACODE=00h-07FFhx4 -ASTRCODE=00h-01FFFh \
  -ASTRING=00h-0FFhx32 -ACONST=00h-0FFhx32 -AENTRY=00h-0FFhx32 \
  -ACOMMON=070h-07Fh -ABANK0=020h-06Fh -ABANK1=0A0h-0EFh \
  -ABANK2=0110h-016Fh -ABANK3=0190h-01EFh \
  -ARAM=020h-06Fh,0A0h-0EFh,0110h-016Fh,0190h-01EFh \
  -AABS1=020h-07Fh,0A0h-0EFh,0110h-016Fh,0190h-01EFh -ASFR0=00h-01Fh \
  -ASFR1=080h-09Fh -ASFR2=0100h-010Fh -ASFR3=0180h-018Fh \
  -ACONFIG=02007h-02007h -DCONFIG=2 -AIDLOC=02000h-02003h -DIDLOC=2 \
  -AEEDATA=00h-0FFh/02100h -peeprom_data=EEDATA -DEEDATA=2 -DCODE=2 \
  -DSTRCODE=2 -DSTRING=2 -DCONST=2 -DENTRY=2 \
  -preset_vec=00h,intentry,init,end_init -ppowerup=CODE -pcinit=CODE \
  -pfunctab=ENTRY -k \
  C:\Users\suriy\AppData\Local\Temp\xcAs83g.\driver_tmp_12.o \
  dist/default/production\I2C.X.production.o 

Object code version is 3.11

Machine type is 16F877A



                Name                               Link     Load   Length Selector   Space Scale
C:\Users\suriy\AppData\Local\Temp\xcAs83g.\driver_tmp_12.o
                end_init                              0        0        3        0       0
                config                             2007     2007        1        0       4
dist/default/production\I2C.X.production.o
                cinit                               7DE      7DE       22      FBC       0
                config                             2007     2007        1        0       4
                text12                              611      611        D      C22       0
                text11                              5F9      5F9        C      BF2       0
                text10                              5DE      5DE        9      BBC       0
                text9                               5E7      5E7        9      BCE       0
                text8                               5F0      5F0        9      BE0       0
                text7                               61E      61E       15      C3C       0
                text6                               605      605        C      C0A       0
                text5                               633      633       17      C66       0
                text4                               71C      71C       5C      E38       0
                text3                               682      682       4A      D04       0
                text2                               778      778       66      EF0       0
                text1                               64A      64A       38      C94       0
                maintext                            6CC      6CC       50      D98       0
                cstackBANK0                          20       20       14       20       1
                cstackCOMMON                         70       70        E       70       1
                dataBANK0                            34       34        5       20       1
                idataBANK0                          5D9      5D9        5      BB2       0

TOTAL           Name                               Link     Load   Length     Space
        CLASS   CODE           
                end_init                              0        0        3         0
                cinit                               7DE      7DE       22         0
                text12                              611      611        D         0
                text11                              5F9      5F9        C         0
                text10                              5DE      5DE        9         0
                text9                               5E7      5E7        9         0
                text8                               5F0      5F0        9         0
                text7                               61E      61E       15         0
                text6                               605      605        C         0
                text5                               633      633       17         0
                text4                               71C      71C       5C         0
                text3                               682      682       4A         0
                text2                               778      778       66         0
                text1                               64A      64A       38         0
                maintext                            6CC      6CC       50         0
                idataBANK0                          5D9      5D9        5         0

        CLASS   STRCODE        

        CLASS   STRING         

        CLASS   CONST          

        CLASS   ENTRY          

        CLASS   COMMON         
                cstackCOMMON                         70       70        E         1

        CLASS   BANK0          
                cstackBANK0                          20       20       14         1
                dataBANK0                            34       34        5         1

        CLASS   BANK1          

        CLASS   BANK2          

        CLASS   BANK3          

        CLASS   RAM            

        CLASS   ABS1           
                abs_s1                               7E       7E        2         1

        CLASS   SFR0           

        CLASS   SFR1           

        CLASS   SFR2           

        CLASS   SFR3           

        CLASS   CONFIG         
                config                             2007     2007        1         4

        CLASS   IDLOC          

        CLASS   EEDATA         

        CLASS   HEAP           

        CLASS   STACK          



SEGMENTS        Name                           Load    Length   Top    Selector   Space  Class     Delta

                reset_vec                      000000  000003  000003         0       0  CODE        2
                cstackBANK0                    000020  000019  000039        20       1  BANK0       1
                cstackCOMMON                   000070  00000E  00007E        70       1  COMMON      1
                idataBANK0                     0005D9  000005  0005DE       BB2       0  CODE        2
                text10                         0005DE  000009  0005E7       BBC       0  CODE        2
                text9                          0005E7  000009  0005F0       BCE       0  CODE        2
                text8                          0005F0  000009  0005F9       BE0       0  CODE        2
                text11                         0005F9  00000C  000605       BF2       0  CODE        2
                text6                          000605  00000C  000611       C0A       0  CODE        2
                text12                         000611  00000D  00061E       C22       0  CODE        2
                text7                          00061E  000015  000633       C3C       0  CODE        2
                text5                          000633  000017  00064A       C66       0  CODE        2
                text1                          00064A  000038  000682       C94       0  CODE        2
                text3                          000682  00004A  0006CC       D04       0  CODE        2
                maintext                       0006CC  000050  00071C       D98       0  CODE        2
                text4                          00071C  00005C  000778       E38       0  CODE        2
                text2                          000778  000066  0007DE       EF0       0  CODE        2
                cinit                          0007DE  000022  000800       FBC       0  CODE        2


UNUSED ADDRESS RANGES

        Name                Unused          Largest block    Delta
        BANK0            0039-006F             37           1
        BANK1            00A0-00EF             50           1
        BANK2            0110-016F             60           1
        BANK3            0190-01EF             60           1
        CODE             0003-05D8            5D6           2
                         0800-1FFF            800
        CONST            0003-05D8            100           2
                         0800-1FFF            100
        EEDATA           2100-21FF            100           2
        ENTRY            0003-05D8            100           2
                         0800-1FFF            100
        IDLOC            2000-2003              4           2
        RAM              0039-006F             37           1
                         00A0-00EF             50
                         0110-016F             60
                         0190-01EF             60
        SFR0             0000-001F             20           1
        SFR1             0080-009F             20           1
        SFR2             0100-010F             10           1
        SFR3             0180-018F             10           1
        STRCODE          0003-05D8            5D6           2
                         0800-1FFF           1800
        STRING           0003-05D8            100           2
                         0800-1FFF            100

                                  Symbol Table

?___lldiv                         cstackCOMMON 0070
EEPROM_Read_Page@add              cstackCOMMON 0071
EEPROM_Read_Page@data             cstackCOMMON 0073
EEPROM_Read_Page@i                cstackCOMMON 0077
EEPROM_Read_Page@len              cstackCOMMON 0074
EEPROM_Write_Page@add             cstackCOMMON 0071
EEPROM_Write_Page@data            cstackCOMMON 0073
EEPROM_Write_Page@i               cstackCOMMON 0077
EEPROM_Write_Page@len             cstackCOMMON 0074
I2C_Master_Init@baud              cstackBANK0  0020
I2C_Master_Write@data             cstackCOMMON 0070
_ACKDT                            (abs)        048D
_ACKEN                            (abs)        048C
_ACKSTAT                          (abs)        048E
_EEPROM_Read_Page                 text4        071C
_EEPROM_Write_Page                text3        0682
_I2C_ACK                          text11       05F9
_I2C_Master_Init                  text1        064A
_I2C_Master_RepeatedStart         text10       05DE
_I2C_Master_Start                 text9        05E7
_I2C_Master_Stop                  text8        05F0
_I2C_Master_Wait                  text12       0611
_I2C_Master_Write                 text7        061E
_I2C_NACK                         text6        0605
_I2C_Read_Byte                    text5        0633
_PEN                              (abs)        048A
_RCEN                             (abs)        048B
_RSEN                             (abs)        0489
_SEN                              (abs)        0488
_SSPADD                           (abs)        0093
_SSPBUF                           (abs)        0013
_SSPCON                           (abs)        0014
_SSPCON2                          (abs)        0091
_SSPIF                            (abs)        0063
_SSPSTAT                          (abs)        0094
_TRISC3                           (abs)        043B
_TRISC4                           (abs)        043C
_TRISD                            (abs)        0088
__H__absolute__                   __absolute__ 0000
__Habs1                           abs1         0000
__Hbank0                          bank0        0000
__Hbank1                          bank1        0000
__Hbank2                          bank2        0000
__Hbank3                          bank3        0000
__Hcinit                          cinit        0800
__Hclrtext                        clrtext      0000
__Hcode                           code         0000
__Hcommon                         common       0000
__Hconfig                         config       2008
__HcstackBANK0                    cstackBANK0  0000
__HcstackCOMMON                   cstackCOMMON 0000
__HdataBANK0                      dataBANK0    0000
__Heeprom_data                    eeprom_data  0000
__Hend_init                       end_init     0003
__Hfunctab                        functab      0000
__Hheap                           heap         0000
__HidataBANK0                     idataBANK0   0000
__Hinit                           init         0000
__Hintentry                       intentry     0000
__Hmaintext                       maintext     0000
__Hpowerup                        powerup      0000
__Hram                            ram          0000
__Hreset_vec                      reset_vec    0000
__Hsfr0                           sfr0         0000
__Hsfr1                           sfr1         0000
__Hsfr2                           sfr2         0000
__Hsfr3                           sfr3         0000
__Hspace_0                        (abs)        0800
__Hspace_1                        (abs)        007E
__Hspace_2                        (abs)        0000
__Hspace_3                        (abs)        0000
__Hspace_4                        (abs)        400F
__Hstack                          stack        0000
__Hstrings                        strings      0000
__Htext                           text         0000
__L__absolute__                   __absolute__ 0000
__Labs1                           abs1         0000
__Lbank0                          bank0        0000
__Lbank1                          bank1        0000
__Lbank2                          bank2        0000
__Lbank3                          bank3        0000
__Lcinit                          cinit        07DE
__Lclrtext                        clrtext      0000
__Lcode                           code         0000
__Lcommon                         common       0000
__Lconfig                         config       0000
__LcstackBANK0                    cstackBANK0  0000
__LcstackCOMMON                   cstackCOMMON 0000
__LdataBANK0                      dataBANK0    0000
__Leeprom_data                    eeprom_data  0000
__Lend_init                       end_init     0000
__Lfunctab                        functab      0000
__Lheap                           heap         0000
__LidataBANK0                     idataBANK0   0000
__Linit                           init         0000
__Lintentry                       intentry     0000
__Lmaintext                       maintext     0000
__Lpowerup                        powerup      0000
__Lram                            ram          0000
__Lreset_vec                      reset_vec    0000
__Lsfr0                           sfr0         0000
__Lsfr1                           sfr1         0000
__Lsfr2                           sfr2         0000
__Lsfr3                           sfr3         0000
__Lspace_0                        (abs)        0000
__Lspace_1                        (abs)        0000
__Lspace_2                        (abs)        0000
__Lspace_3                        (abs)        0000
__Lspace_4                        (abs)        0000
__Lstack                          stack        0000
__Lstrings                        strings      0000
__Ltext                           text         0000
__S0                              (abs)        0800
__S1                              (abs)        007E
__S3                              (abs)        0000
___heap_hi                        (abs)        0000
___heap_lo                        (abs)        0000
___int_sp                         stack        0000
___int_stack_hi                   stack        0000
___int_stack_lo                   stack        0000
___latbits                        (abs)        0002
___lldiv                          text2        0778
___lldiv@counter                  cstackCOMMON 007D
___lldiv@dividend                 cstackCOMMON 0074
___lldiv@divisor                  cstackCOMMON 0070
___lldiv@quotient                 cstackCOMMON 0079
___sp                             stack        0000
___stack_hi                       stack        0000
___stack_lo                       stack        0000
___stackhi                        (abs)        0000
___stacklo                        (abs)        0000
__end_of_EEPROM_Read_Page         text4        0778
__end_of_EEPROM_Write_Page        text3        06CC
__end_of_I2C_ACK                  text11       0605
__end_of_I2C_Master_Init          text1        0682
__end_of_I2C_Master_RepeatedStart text10       05E7
__end_of_I2C_Master_Start         text9        05F0
__end_of_I2C_Master_Stop          text8        05F9
__end_of_I2C_Master_Wait          text12       061E
__end_of_I2C_Master_Write         text7        0633
__end_of_I2C_NACK                 text6        0611
__end_of_I2C_Read_Byte            text5        064A
__end_of___lldiv                  text2        07DE
__end_of__initialization          cinit        07FC
__end_of_main                     maintext     071C
__initialization                  cinit        07DE
__pcstackBANK0                    cstackBANK0  0020
__pcstackCOMMON                   cstackCOMMON 0070
__pdataBANK0                      dataBANK0    0034
__pidataBANK0                     idataBANK0   05D9
__pmaintext                       maintext     06CC
__ptext1                          text1        064A
__ptext10                         text10       05DE
__ptext11                         text11       05F9
__ptext12                         text12       0611
__ptext2                          text2        0778
__ptext3                          text3        0682
__ptext4                          text4        071C
__ptext5                          text5        0633
__ptext6                          text6        0605
__ptext7                          text7        061E
__ptext8                          text8        05F0
__ptext9                          text9        05E7
_main                             maintext     06CC
btemp                             (abs)        007E
end_of_initialization             cinit        07FC
intlevel0                         functab      0000
intlevel1                         functab      0000
intlevel2                         functab      0000
intlevel3                         functab      0000
intlevel4                         functab      0000
intlevel5                         functab      0000
main@Data                         cstackBANK0  002A
main@F1032                        dataBANK0    0034
main@data                         cstackBANK0  002F
reset_vec                         reset_vec    0000
start                             init         0000
start_initialization              cinit        07DE
wtemp0                            (abs)        007E


MODULE INFORMATION

Module		Function		Class		Link	Load	Size
mian_1.c
		_main          		CODE           	06CC	0000	80

mian_1.c estimated size: 80

shared
		__initialization		CODE           	07DE	0000	30

shared estimated size: 30

C:\Program Files\Microchip\xc8\v2.45\pic\sources\c99\common\__lldiv.c
		___lldiv       		CODE           	0778	0000	102

C:\Program Files\Microchip\xc8\v2.45\pic\sources\c99\common\__lldiv.c estimated size: 102

driver_1.c
		_EEPROM_Read_Page		CODE           	071C	0000	92
		_I2C_Master_Wait		CODE           	0611	0000	13
		_I2C_Master_Init		CODE           	064A	0000	56
		_I2C_Master_Stop		CODE           	05F0	0000	9
		_EEPROM_Write_Page		CODE           	0682	0000	74
		_I2C_Master_RepeatedStart		CODE           	05DE	0000	9
		_I2C_Read_Byte 		CODE           	0633	0000	23
		_I2C_ACK       		CODE           	05F9	0000	12
		_I2C_Master_Write		CODE           	061E	0000	21
		_I2C_NACK      		CODE           	0605	0000	12
		_I2C_Master_Start		CODE           	05E7	0000	9

driver_1.c estimated size: 330

