Microchip MPLAB XC8 Compiler V2.45

Linker command line:

-W-3 \
  --edf=C:\Program Files\Microchip\xc8\v2.45\pic\dat\20230818022343_en.msgs \
  -cn -h+dist/default/production\rtctask.X.production.sym \
  --cmf=dist/default/production\rtctask.X.production.cmf -z -Q16F877A \
  -oC:\Users\suriy\AppData\Local\Temp\xcAsib4.\driver_tmp_3.o \
  --defsym=__MPLAB_BUILD=1 --fixupoverflow=error \
  -Mdist/default/production/rtctask.X.production.map \
  --md=C:\Users\suriy\AppData\Local\Temp\xcAsib4.\driver_tmp_0.dat -E1 \
  -ver=XC8 Compiler --acfsm=1493 -ACODE=00h-07FFhx4 -ASTRCODE=00h-01FFFh \
  -ASTRING=00h-0FFhx32 -ACONST=00h-0FFhx32 -AENTRY=00h-0FFhx32 \
  -ACOMMON=070h-07Fh -ABANK0=020h-06Fh -ABANK1=0A0h-0EFh \
  -ABANK2=0110h-016Fh -ABANK3=0190h-01EFh \
  -ARAM=020h-06Fh,0A0h-0EFh,0110h-016Fh,0190h-01EFh \
  -AABS1=020h-07Fh,0A0h-0EFh,0110h-016Fh,0190h-01EFh -ASFR0=00h-01Fh \
  -ASFR1=080h-09Fh -ASFR2=0100h-010Fh -ASFR3=0180h-018Fh \
  -ACONFIG=02007h-02007h -DCONFIG=2 -AIDLOC=02000h-02003h -DIDLOC=2 \
  -AEEDATA=00h-0FFh/02100h -peeprom_data=EEDATA -DEEDATA=2 -DCODE=2 \
  -DSTRCODE=2 -DSTRING=2 -DCONST=2 -DENTRY=2 \
  -preset_vec=00h,intentry,init,end_init -ppowerup=CODE -pcinit=CODE \
  -pfunctab=ENTRY -k \
  C:\Users\suriy\AppData\Local\Temp\xcAsib4.\driver_tmp_12.o \
  dist/default/production\rtctask.X.production.o 

Object code version is 3.11

Machine type is 16F877A



                Name                               Link     Load   Length Selector   Space Scale
C:\Users\suriy\AppData\Local\Temp\xcAsib4.\driver_tmp_12.o
                end_init                              0        0        3        0       0
                config                             2007     2007        1        0       4
dist/default/production\rtctask.X.production.o
                cinit                               7E6      7E6       1A      FCC       0
                config                             2007     2007        1        0       4
                text19                              3A8      3A8       68      750       0
                text18                              253      253       46      4A6       0
                text17                              299      299       4F      532       0
                text16                              14A      14A       23      294       0
                text15                              214      214       3F      428       0
                text14                              341      341       67      682       0
                text13                              2E8      2E8       59      5D0       0
                text12                              108      108       20      210       0
                text11                              16D      16D       25      2DA       0
                text10                              192      192       25      324       0
                text9                                CC       CC        D      198       0
                text8                               1B7      1B7       2D      36E       0
                text7                                AF       AF        9      15E       0
                text6                                B8       B8        9      170       0
                text5                                C1       C1        B      182       0
                text4                               49F      49F       F0      93E       0
                text3                               58F      58F      257      B1E       0
                text2                               1E4      1E4       30      3C8       0
                text1                               410      410       8F      820       0
                maintext                            128      128       22      250       0
                cstackBANK0                          52       52       15       20       1
                cstackCOMMON                         70       70        E       70       1
                clrtext                              A7       A7        8      14E       0
                inittext                             D9       D9       13      1B2       0
                dataBANK0                            20       20       1C       20       1
                bssBANK0                             3C       3C       16       20       1
                idataBANK0                           EC       EC       1C      1D8       0

TOTAL           Name                               Link     Load   Length     Space
        CLASS   CODE           
                end_init                              0        0        3         0
                cinit                               7E6      7E6       1A         0
                text19                              3A8      3A8       68         0
                text18                              253      253       46         0
                text17                              299      299       4F         0
                text16                              14A      14A       23         0
                text15                              214      214       3F         0
                text14                              341      341       67         0
                text13                              2E8      2E8       59         0
                text12                              108      108       20         0
                text11                              16D      16D       25         0
                text10                              192      192       25         0
                text9                                CC       CC        D         0
                text8                               1B7      1B7       2D         0
                text7                                AF       AF        9         0
                text6                                B8       B8        9         0
                text5                                C1       C1        B         0
                text4                               49F      49F       F0         0
                text3                               58F      58F      257         0
                text2                               1E4      1E4       30         0
                text1                               410      410       8F         0
                maintext                            128      128       22         0
                clrtext                              A7       A7        8         0
                inittext                             D9       D9       13         0
                idataBANK0                           EC       EC       1C         0

        CLASS   STRCODE        

        CLASS   STRING         

        CLASS   CONST          

        CLASS   ENTRY          

        CLASS   COMMON         
                cstackCOMMON                         70       70        E         1

        CLASS   BANK0          
                cstackBANK0                          52       52       15         1
                dataBANK0                            20       20       1C         1
                bssBANK0                             3C       3C       16         1

        CLASS   BANK1          

        CLASS   BANK2          

        CLASS   BANK3          

        CLASS   RAM            

        CLASS   ABS1           
                abs_s1                               7E       7E        2         1

        CLASS   SFR0           

        CLASS   SFR1           

        CLASS   SFR2           

        CLASS   SFR3           

        CLASS   CONFIG         
                config                             2007     2007        1         4

        CLASS   IDLOC          

        CLASS   EEDATA         

        CLASS   HEAP           

        CLASS   STACK          



SEGMENTS        Name                           Load    Length   Top    Selector   Space  Class     Delta

                reset_vec                      000000  000003  000003         0       0  CODE        2
                dataBANK0                      000020  000047  000067        20       1  BANK0       1
                cstackCOMMON                   000070  00000E  00007E        70       1  COMMON      1
                clrtext                        0000A7  000008  0000AF       14E       0  CODE        2
                text7                          0000AF  000009  0000B8       15E       0  CODE        2
                text6                          0000B8  000009  0000C1       170       0  CODE        2
                text5                          0000C1  00000B  0000CC       182       0  CODE        2
                text9                          0000CC  00000D  0000D9       198       0  CODE        2
                inittext                       0000D9  000013  0000EC       1B2       0  CODE        2
                idataBANK0                     0000EC  00001C  000108       1D8       0  CODE        2
                text12                         000108  000020  000128       210       0  CODE        2
                maintext                       000128  000022  00014A       250       0  CODE        2
                text16                         00014A  000023  00016D       294       0  CODE        2
                text11                         00016D  000025  000192       2DA       0  CODE        2
                text10                         000192  000025  0001B7       324       0  CODE        2
                text8                          0001B7  00002D  0001E4       36E       0  CODE        2
                text2                          0001E4  000030  000214       3C8       0  CODE        2
                text15                         000214  00003F  000253       428       0  CODE        2
                text18                         000253  000046  000299       4A6       0  CODE        2
                text17                         000299  00004F  0002E8       532       0  CODE        2
                text13                         0002E8  000059  000341       5D0       0  CODE        2
                text14                         000341  000067  0003A8       682       0  CODE        2
                text19                         0003A8  000068  000410       750       0  CODE        2
                text1                          000410  00008F  00049F       820       0  CODE        2
                text4                          00049F  0000F0  00058F       93E       0  CODE        2
                text3                          00058F  000257  0007E6       B1E       0  CODE        2
                cinit                          0007E6  00001A  000800       FCC       0  CODE        2


UNUSED ADDRESS RANGES

        Name                Unused          Largest block    Delta
        BANK0            0067-006F              9           1
        BANK1            00A0-00EF             50           1
        BANK2            0110-016F             60           1
        BANK3            0190-01EF             60           1
        CODE             0003-00A6             A4           2
                         0800-1FFF            800
        CONST            0003-00A6             A4           2
                         0800-1FFF            100
        EEDATA           2100-21FF            100           2
        ENTRY            0003-00A6             A4           2
                         0800-1FFF            100
        IDLOC            2000-2003              4           2
        RAM              0067-006F              9           1
                         00A0-00EF             50
                         0110-016F             60
                         0190-01EF             60
        SFR0             0000-001F             20           1
        SFR1             0080-009F             20           1
        SFR2             0100-010F             10           1
        SFR3             0180-018F             10           1
        STRCODE          0003-00A6             A4           2
                         0800-1FFF           1800
        STRING           0003-00A6             A4           2
                         0800-1FFF            100

                                  Symbol Table

?___awdiv                cstackCOMMON 0070
?___awmod                cstackCOMMON 0070
?___lldiv                cstackBANK0  0052
?___lmul                 cstackCOMMON 0070
?___wmul                 cstackCOMMON 0070
?_bcd2dec                cstackCOMMON 0076
?_dec2bcd                cstackCOMMON 0078
?_i2cread                cstackCOMMON 0070
_ACKDT                   (abs)        048D
_PORTC                   (abs)        0007
_PORTD                   (abs)        0008
_SSPADD                  (abs)        0093
_SSPBUF                  (abs)        0013
_SSPCON                  (abs)        0014
_SSPCON2                 (abs)        0091
_SSPSTAT                 (abs)        0094
_TRISC                   (abs)        0087
_TRISD                   (abs)        0088
__H__absolute__          __absolute__ 0000
__Habs1                  abs1         0000
__Hbank0                 bank0        0000
__Hbank1                 bank1        0000
__Hbank2                 bank2        0000
__Hbank3                 bank3        0000
__HbssBANK0              bssBANK0     0000
__Hcinit                 cinit        0800
__Hclrtext               clrtext      0000
__Hcode                  code         0000
__Hcommon                common       0000
__Hconfig                config       2008
__HcstackBANK0           cstackBANK0  0000
__HcstackCOMMON          cstackCOMMON 0000
__HdataBANK0             dataBANK0    0000
__Heeprom_data           eeprom_data  0000
__Hend_init              end_init     0003
__Hfunctab               functab      0000
__Hheap                  heap         0000
__HidataBANK0            idataBANK0   0000
__Hinit                  init         0000
__Hinittext              inittext     0000
__Hintentry              intentry     0000
__Hmaintext              maintext     0000
__Hpowerup               powerup      0000
__Hram                   ram          0000
__Hreset_vec             reset_vec    0000
__Hsfr0                  sfr0         0000
__Hsfr1                  sfr1         0000
__Hsfr2                  sfr2         0000
__Hsfr3                  sfr3         0000
__Hspace_0               (abs)        0800
__Hspace_1               (abs)        007E
__Hspace_2               (abs)        0000
__Hspace_3               (abs)        0000
__Hspace_4               (abs)        400F
__Hstack                 stack        0000
__Hstrings               strings      0000
__Htext                  text         0000
__L__absolute__          __absolute__ 0000
__Labs1                  abs1         0000
__Lbank0                 bank0        0000
__Lbank1                 bank1        0000
__Lbank2                 bank2        0000
__Lbank3                 bank3        0000
__LbssBANK0              bssBANK0     0000
__Lcinit                 cinit        07E6
__Lclrtext               clrtext      0000
__Lcode                  code         0000
__Lcommon                common       0000
__Lconfig                config       0000
__LcstackBANK0           cstackBANK0  0000
__LcstackCOMMON          cstackCOMMON 0000
__LdataBANK0             dataBANK0    0000
__Leeprom_data           eeprom_data  0000
__Lend_init              end_init     0000
__Lfunctab               functab      0000
__Lheap                  heap         0000
__LidataBANK0            idataBANK0   0000
__Linit                  init         0000
__Linittext              inittext     0000
__Lintentry              intentry     0000
__Lmaintext              maintext     0000
__Lpowerup               powerup      0000
__Lram                   ram          0000
__Lreset_vec             reset_vec    0000
__Lsfr0                  sfr0         0000
__Lsfr1                  sfr1         0000
__Lsfr2                  sfr2         0000
__Lsfr3                  sfr3         0000
__Lspace_0               (abs)        0000
__Lspace_1               (abs)        0000
__Lspace_2               (abs)        0000
__Lspace_3               (abs)        0000
__Lspace_4               (abs)        0000
__Lstack                 stack        0000
__Lstrings               strings      0000
__Ltext                  text         0000
__S0                     (abs)        0800
__S1                     (abs)        007E
__S3                     (abs)        0000
___awdiv                 text14       0341
___awdiv@counter         cstackCOMMON 0074
___awdiv@dividend        cstackCOMMON 0072
___awdiv@divisor         cstackCOMMON 0070
___awdiv@quotient        cstackCOMMON 0076
___awdiv@sign            cstackCOMMON 0075
___awmod                 text13       02E8
___awmod@counter         cstackCOMMON 0074
___awmod@dividend        cstackCOMMON 0072
___awmod@divisor         cstackCOMMON 0070
___awmod@sign            cstackCOMMON 0075
___heap_hi               (abs)        0000
___heap_lo               (abs)        0000
___int_sp                stack        0000
___int_stack_hi          stack        0000
___int_stack_lo          stack        0000
___latbits               (abs)        0002
___lldiv                 text19       03A8
___lldiv@counter         cstackBANK0  005E
___lldiv@dividend        cstackBANK0  0056
___lldiv@divisor         cstackBANK0  0052
___lldiv@quotient        cstackBANK0  005A
___lmul                  text18       0253
___lmul@multiplicand     cstackCOMMON 0074
___lmul@multiplier       cstackCOMMON 0070
___lmul@product          cstackCOMMON 0079
___sp                    stack        0000
___stack_hi              stack        0000
___stack_lo              stack        0000
___stackhi               (abs)        0000
___stacklo               (abs)        0000
___wmul                  text11       016D
___wmul@multiplicand     cstackCOMMON 0072
___wmul@multiplier       cstackCOMMON 0070
___wmul@product          cstackCOMMON 0074
__end_of___awdiv         text14       03A8
__end_of___awmod         text13       0341
__end_of___lldiv         text19       0410
__end_of___lmul          text18       0299
__end_of___wmul          text11       0192
__end_of__initialization cinit        07FC
__end_of_bcd2dec         text10       01B7
__end_of_dec2bcd         text2        0214
__end_of_i2cinit         text17       02E8
__end_of_i2cread         text8        01E4
__end_of_i2cstart        text7        00B8
__end_of_i2cstop         text6        00C1
__end_of_i2cwait         text9        00D9
__end_of_i2cwrite        text5        00CC
__end_of_init            text15       0253
__end_of_lcd             text3        07E6
__end_of_lcdcmd          text16       016D
__end_of_lcddata         text12       0128
__end_of_main            maintext     014A
__end_of_timeset         text1        049F
__end_of_update          text4        058F
__initialization         cinit        07E6
__pbssBANK0              bssBANK0     003C
__pcstackBANK0           cstackBANK0  0052
__pcstackCOMMON          cstackCOMMON 0070
__pdataBANK0             dataBANK0    0020
__pidataBANK0            idataBANK0   00EC
__pmaintext              maintext     0128
__ptext1                 text1        0410
__ptext10                text10       0192
__ptext11                text11       016D
__ptext12                text12       0108
__ptext13                text13       02E8
__ptext14                text14       0341
__ptext15                text15       0214
__ptext16                text16       014A
__ptext17                text17       0299
__ptext18                text18       0253
__ptext19                text19       03A8
__ptext2                 text2        01E4
__ptext3                 text3        058F
__ptext4                 text4        049F
__ptext5                 text5        00C1
__ptext6                 text6        00B8
__ptext7                 text7        00AF
__ptext8                 text8        01B7
__ptext9                 text9        00CC
_am                      dataBANK0    003A
_bcd2dec                 text10       0192
_date                    dataBANK0    0030
_date1                   bssBANK0     004B
_date2                   bssBANK0     004A
_day                     dataBANK0    002A
_dec2bcd                 text2        01E4
_hour                    dataBANK0    0032
_hour1                   bssBANK0     004D
_hour2                   bssBANK0     004C
_i                       bssBANK0     0044
_i2cinit                 text17       0299
_i2cread                 text8        01B7
_i2cstart                text7        00AF
_i2cstop                 text6        00B8
_i2cwait                 text9        00CC
_i2cwrite                text5        00C1
_init                    text15       0214
_lcd                     text3        058F
_lcdcmd                  text16       014A
_lcddata                 text12       0108
_main                    maintext     0128
_min                     dataBANK0    0034
_min1                    bssBANK0     004F
_min2                    bssBANK0     004E
_month                   dataBANK0    002E
_month1                  bssBANK0     0049
_month2                  bssBANK0     0048
_msg1                    dataBANK0    0025
_msg2                    dataBANK0    0020
_pm                      dataBANK0    0038
_sec                     dataBANK0    0036
_sec1                    bssBANK0     0051
_sec2                    bssBANK0     0050
_timeset                 text1        0410
_update                  text4        049F
_var                     bssBANK0     003C
_year                    dataBANK0    002C
_year1                   bssBANK0     0047
_year2                   bssBANK0     0046
bcd2dec@temp             cstackCOMMON 0076
btemp                    (abs)        007E
clear_ram0               clrtext      00A7
dec2bcd@temp             cstackCOMMON 0078
end_of_initialization    cinit        07FC
i2cinit@feq_k            cstackBANK0  005F
i2cread@ack              cstackCOMMON 0070
i2cread@value            cstackCOMMON 0074
i2cwrite@temp            cstackCOMMON 0070
init_fetch0              inittext     00D9
init_ram0                inittext     00DD
intlevel0                functab      0000
intlevel1                functab      0000
intlevel2                functab      0000
intlevel3                functab      0000
intlevel4                functab      0000
intlevel5                functab      0000
lcdcmd@i                 cstackCOMMON 0072
lcddata@i                cstackCOMMON 0072
reset_vec                reset_vec    0000
start                    init         0000
start_initialization     cinit        07E6
wtemp0                   (abs)        007E


MODULE INFORMATION

Module		Function		Class		Link	Load	Size
C:\Program Files\Microchip\xc8\v2.45\pic\sources\c99\common\Umul16.c
		___wmul        		CODE           	016D	0000	37

C:\Program Files\Microchip\xc8\v2.45\pic\sources\c99\common\Umul16.c estimated size: 37

driver.c
		_init          		CODE           	0214	0000	63
		_update        		CODE           	049F	0000	240
		_i2cstart      		CODE           	00AF	0000	9
		_timeset       		CODE           	0410	0000	143
		_i2cwrite      		CODE           	00C1	0000	11
		_lcdcmd        		CODE           	014A	0000	35
		_i2cwait       		CODE           	00CC	0000	13
		_i2cinit       		CODE           	0299	0000	79
		_lcddata       		CODE           	0108	0000	32
		_dec2bcd       		CODE           	01E4	0000	48
		_i2cstop       		CODE           	00B8	0000	9
		_lcd           		CODE           	058F	0000	599
		_i2cread       		CODE           	01B7	0000	45
		_bcd2dec       		CODE           	0192	0000	37

driver.c estimated size: 1363

C:\Program Files\Microchip\xc8\v2.45\pic\sources\c99\common\Umul32.c
		___lmul        		CODE           	0253	0000	70

C:\Program Files\Microchip\xc8\v2.45\pic\sources\c99\common\Umul32.c estimated size: 70

C:\Program Files\Microchip\xc8\v2.45\pic\sources\c99\common\awmod.c
		___awmod       		CODE           	02E8	0000	89

C:\Program Files\Microchip\xc8\v2.45\pic\sources\c99\common\awmod.c estimated size: 89

shared
		__initialization		CODE           	07E6	0000	22

shared estimated size: 22

C:\Program Files\Microchip\xc8\v2.45\pic\sources\c99\common\__lldiv.c
		___lldiv       		CODE           	03A8	0000	104

C:\Program Files\Microchip\xc8\v2.45\pic\sources\c99\common\__lldiv.c estimated size: 104

main.c
		_main          		CODE           	0128	0000	34

main.c estimated size: 34

C:\Program Files\Microchip\xc8\v2.45\pic\sources\c99\common\awdiv.c
		___awdiv       		CODE           	0341	0000	103

C:\Program Files\Microchip\xc8\v2.45\pic\sources\c99\common\awdiv.c estimated size: 103

