Microchip MPLAB XC8 Compiler V2.45

Linker command line:

-W-3 \
  --edf=C:\Program Files\Microchip\xc8\v2.45\pic\dat\20230818022343_en.msgs \
  -cn -h+dist/default/production\taskadcpwm.X.production.sym \
  --cmf=dist/default/production\taskadcpwm.X.production.cmf -z -Q16F877A \
  -oC:\Users\suriy\AppData\Local\Temp\xcAscg8.\driver_tmp_3.o \
  --defsym=__MPLAB_BUILD=1 --fixupoverflow=error \
  -Mdist/default/production/taskadcpwm.X.production.map \
  --md=C:\Users\suriy\AppData\Local\Temp\xcAscg8.\driver_tmp_0.dat -E1 \
  -ver=XC8 Compiler --acfsm=1493 -ACODE=00h-07FFhx4 -ASTRCODE=00h-01FFFh \
  -ASTRING=00h-0FFhx32 -ACONST=00h-0FFhx32 -AENTRY=00h-0FFhx32 \
  -ACOMMON=070h-07Fh -ABANK0=020h-06Fh -ABANK1=0A0h-0EFh \
  -ABANK2=0110h-016Fh -ABANK3=0190h-01EFh \
  -ARAM=020h-06Fh,0A0h-0EFh,0110h-016Fh,0190h-01EFh \
  -AABS1=020h-07Fh,0A0h-0EFh,0110h-016Fh,0190h-01EFh -ASFR0=00h-01Fh \
  -ASFR1=080h-09Fh -ASFR2=0100h-010Fh -ASFR3=0180h-018Fh \
  -ACONFIG=02007h-02007h -DCONFIG=2 -AIDLOC=02000h-02003h -DIDLOC=2 \
  -AEEDATA=00h-0FFh/02100h -peeprom_data=EEDATA -DEEDATA=2 -DCODE=2 \
  -DSTRCODE=2 -DSTRING=2 -DCONST=2 -DENTRY=2 \
  -preset_vec=00h,intentry,init,end_init -ppowerup=CODE -pcinit=CODE \
  -pfunctab=ENTRY -k \
  C:\Users\suriy\AppData\Local\Temp\xcAscg8.\driver_tmp_12.o \
  dist/default/production\taskadcpwm.X.production.o 

Object code version is 3.11

Machine type is 16F877A



                Name                               Link     Load   Length Selector   Space Scale
C:\Users\suriy\AppData\Local\Temp\xcAscg8.\driver_tmp_12.o
                end_init                              0        0        3        0       0
                config                             2007     2007        1        0       4
dist/default/production\taskadcpwm.X.production.o
                cinit                               7DE      7DE       22      FBC       0
                config                             2007     2007        1        0       4
                text9                               345      345       46      68A       0
                text8                               2E4      2E4        D      5C8       0
                text7                               32D      32D       18      65A       0
                text6                               38B      38B       4B      716       0
                text5                               318      318       15      630       0
                text4                               42A      42A       68      854       0
                text3                               3D6      3D6       54      7AC       0
                text2                               492      492       C2      924       0
                text1                               554      554       C2      AA8       0
                maintext                            616      616      1C8      C2C       0
                cstackBANK0                          3E       3E       19       20       1
                cstackCOMMON                         70       70        E       70       1
                clrtext                             2DC      2DC        8      5B8       0
                inittext                            2F1      2F1       13      5E2       0
                bssBANK1                             A0       A0        A       A0       1
                dataBANK0                            57       57       14       20       1
                bssBANK0                             20       20       1E       20       1
                idataBANK0                          304      304       14      608       0

TOTAL           Name                               Link     Load   Length     Space
        CLASS   CODE           
                end_init                              0        0        3         0
                cinit                               7DE      7DE       22         0
                text9                               345      345       46         0
                text8                               2E4      2E4        D         0
                text7                               32D      32D       18         0
                text6                               38B      38B       4B         0
                text5                               318      318       15         0
                text4                               42A      42A       68         0
                text3                               3D6      3D6       54         0
                text2                               492      492       C2         0
                text1                               554      554       C2         0
                maintext                            616      616      1C8         0
                clrtext                             2DC      2DC        8         0
                inittext                            2F1      2F1       13         0
                idataBANK0                          304      304       14         0

        CLASS   STRCODE        

        CLASS   STRING         

        CLASS   CONST          

        CLASS   ENTRY          

        CLASS   COMMON         
                cstackCOMMON                         70       70        E         1

        CLASS   BANK0          
                cstackBANK0                          3E       3E       19         1
                dataBANK0                            57       57       14         1
                bssBANK0                             20       20       1E         1

        CLASS   BANK1          
                bssBANK1                             A0       A0        A         1

        CLASS   BANK2          

        CLASS   BANK3          

        CLASS   RAM            

        CLASS   ABS1           
                abs_s1                               7E       7E        2         1

        CLASS   SFR0           

        CLASS   SFR1           

        CLASS   SFR2           

        CLASS   SFR3           

        CLASS   CONFIG         
                config                             2007     2007        1         4

        CLASS   IDLOC          

        CLASS   EEDATA         

        CLASS   HEAP           

        CLASS   STACK          



SEGMENTS        Name                           Load    Length   Top    Selector   Space  Class     Delta

                reset_vec                      000000  000003  000003         0       0  CODE        2
                bssBANK0                       000020  00004B  00006B        20       1  BANK0       1
                cstackCOMMON                   000070  00000E  00007E        70       1  COMMON      1
                bssBANK1                       0000A0  00000A  0000AA        A0       1  BANK1       1
                clrtext                        0002DC  000008  0002E4       5B8       0  CODE        2
                text8                          0002E4  00000D  0002F1       5C8       0  CODE        2
                inittext                       0002F1  000013  000304       5E2       0  CODE        2
                idataBANK0                     000304  000014  000318       608       0  CODE        2
                text5                          000318  000015  00032D       630       0  CODE        2
                text7                          00032D  000018  000345       65A       0  CODE        2
                text9                          000345  000046  00038B       68A       0  CODE        2
                text6                          00038B  00004B  0003D6       716       0  CODE        2
                text3                          0003D6  000054  00042A       7AC       0  CODE        2
                text4                          00042A  000068  000492       854       0  CODE        2
                text2                          000492  0000C2  000554       924       0  CODE        2
                text1                          000554  0000C2  000616       AA8       0  CODE        2
                maintext                       000616  0001C8  0007DE       C2C       0  CODE        2
                cinit                          0007DE  000022  000800       FBC       0  CODE        2


UNUSED ADDRESS RANGES

        Name                Unused          Largest block    Delta
        BANK0            006B-006F              5           1
        BANK1            00AA-00EF             46           1
        BANK2            0110-016F             60           1
        BANK3            0190-01EF             60           1
        CODE             0003-02DB            2D9           2
                         0800-1FFF            800
        CONST            0003-02DB            100           2
                         0800-1FFF            100
        EEDATA           2100-21FF            100           2
        ENTRY            0003-02DB            100           2
                         0800-1FFF            100
        IDLOC            2000-2003              4           2
        RAM              006B-006F              5           1
                         00AA-00EF             46
                         0110-016F             60
                         0190-01EF             60
        SFR0             0000-001F             20           1
        SFR1             0080-009F             20           1
        SFR2             0100-010F             10           1
        SFR3             0180-018F             10           1
        STRCODE          0003-02DB            2D9           2
                         0800-1FFF           1800
        STRING           0003-02DB            100           2
                         0800-1FFF            100

                                  Symbol Table

?___lldiv                cstackBANK0  003E
?___llmod                cstackCOMMON 0070
?___lmul                 cstackCOMMON 0070
_ADCON0                  (abs)        001F
_ADCON1                  (abs)        009F
_ADRESH                  (abs)        001E
_ADRESL                  (abs)        009E
_CCP1CON                 (abs)        0017
_CCPR1L                  (abs)        0015
_PORTC                   (abs)        0007
_PORTD                   (abs)        0008
_PR2                     (abs)        0092
_T2CON                   (abs)        0012
_TRISA                   (abs)        0085
_TRISC                   (abs)        0087
_TRISD                   (abs)        0088
__H__absolute__          __absolute__ 0000
__Habs1                  abs1         0000
__Hbank0                 bank0        0000
__Hbank1                 bank1        0000
__Hbank2                 bank2        0000
__Hbank3                 bank3        0000
__HbssBANK0              bssBANK0     0000
__HbssBANK1              bssBANK1     0000
__Hcinit                 cinit        0800
__Hclrtext               clrtext      0000
__Hcode                  code         0000
__Hcommon                common       0000
__Hconfig                config       2008
__HcstackBANK0           cstackBANK0  0000
__HcstackCOMMON          cstackCOMMON 0000
__HdataBANK0             dataBANK0    0000
__Heeprom_data           eeprom_data  0000
__Hend_init              end_init     0003
__Hfunctab               functab      0000
__Hheap                  heap         0000
__HidataBANK0            idataBANK0   0000
__Hinit                  init         0000
__Hinittext              inittext     0000
__Hintentry              intentry     0000
__Hmaintext              maintext     0000
__Hpowerup               powerup      0000
__Hram                   ram          0000
__Hreset_vec             reset_vec    0000
__Hsfr0                  sfr0         0000
__Hsfr1                  sfr1         0000
__Hsfr2                  sfr2         0000
__Hsfr3                  sfr3         0000
__Hspace_0               (abs)        0800
__Hspace_1               (abs)        00AA
__Hspace_2               (abs)        0000
__Hspace_3               (abs)        0000
__Hspace_4               (abs)        400F
__Hstack                 stack        0000
__Hstrings               strings      0000
__Htext                  text         0000
__L__absolute__          __absolute__ 0000
__Labs1                  abs1         0000
__Lbank0                 bank0        0000
__Lbank1                 bank1        0000
__Lbank2                 bank2        0000
__Lbank3                 bank3        0000
__LbssBANK0              bssBANK0     0000
__LbssBANK1              bssBANK1     0000
__Lcinit                 cinit        07DE
__Lclrtext               clrtext      0000
__Lcode                  code         0000
__Lcommon                common       0000
__Lconfig                config       0000
__LcstackBANK0           cstackBANK0  0000
__LcstackCOMMON          cstackCOMMON 0000
__LdataBANK0             dataBANK0    0000
__Leeprom_data           eeprom_data  0000
__Lend_init              end_init     0000
__Lfunctab               functab      0000
__Lheap                  heap         0000
__LidataBANK0            idataBANK0   0000
__Linit                  init         0000
__Linittext              inittext     0000
__Lintentry              intentry     0000
__Lmaintext              maintext     0000
__Lpowerup               powerup      0000
__Lram                   ram          0000
__Lreset_vec             reset_vec    0000
__Lsfr0                  sfr0         0000
__Lsfr1                  sfr1         0000
__Lsfr2                  sfr2         0000
__Lsfr3                  sfr3         0000
__Lspace_0               (abs)        0000
__Lspace_1               (abs)        0000
__Lspace_2               (abs)        0000
__Lspace_3               (abs)        0000
__Lspace_4               (abs)        0000
__Lstack                 stack        0000
__Lstrings               strings      0000
__Ltext                  text         0000
__S0                     (abs)        0800
__S1                     (abs)        00AA
__S3                     (abs)        0000
___heap_hi               (abs)        0000
___heap_lo               (abs)        0000
___int_sp                stack        0000
___int_stack_hi          stack        0000
___int_stack_lo          stack        0000
___latbits               (abs)        0002
___lldiv                 text4        042A
___lldiv@counter         cstackBANK0  004A
___lldiv@dividend        cstackBANK0  0042
___lldiv@divisor         cstackBANK0  003E
___lldiv@quotient        cstackBANK0  0046
___llmod                 text3        03D6
___llmod@counter         cstackCOMMON 0079
___llmod@dividend        cstackCOMMON 0074
___llmod@divisor         cstackCOMMON 0070
___lmul                  text9        0345
___lmul@multiplicand     cstackCOMMON 0074
___lmul@multiplier       cstackCOMMON 0070
___lmul@product          cstackCOMMON 0079
___sp                    stack        0000
___stack_hi              stack        0000
___stack_lo              stack        0000
___stackhi               (abs)        0000
___stacklo               (abs)        0000
__end_of___lldiv         text4        0492
__end_of___llmod         text3        042A
__end_of___lmul          text9        038B
__end_of__initialization cinit        07FC
__end_of_delay           text8        02F1
__end_of_init            text6        03D6
__end_of_lcdcmd          text7        0345
__end_of_lcddata         text5        032D
__end_of_lcdoutput1      text2        0554
__end_of_lcdoutput2      text1        0616
__end_of_main            maintext     07DE
__initialization         cinit        07DE
__pbssBANK0              bssBANK0     0020
__pbssBANK1              bssBANK1     00A0
__pcstackBANK0           cstackBANK0  003E
__pcstackCOMMON          cstackCOMMON 0070
__pdataBANK0             dataBANK0    0057
__pidataBANK0            idataBANK0   0304
__pmaintext              maintext     0616
__ptext1                 text1        0554
__ptext2                 text2        0492
__ptext3                 text3        03D6
__ptext4                 text4        042A
__ptext5                 text5        0318
__ptext6                 text6        038B
__ptext7                 text7        032D
__ptext8                 text8        02E4
__ptext9                 text9        0345
_a                       dataBANK0    0061
_b                       dataBANK0    0057
_delay                   text8        02E4
_fr                      bssBANK0     0032
_highvalue               bssBANK0     0038
_init                    text6        038B
_l                       bssBANK0     002C
_lcdcmd                  text7        032D
_lcddata                 text5        0318
_lcdoutput1              text2        0492
_lcdoutput2              text1        0554
_lowvalue                bssBANK0     003A
_main                    maintext     0616
_o                       bssBANK0     0028
_value                   bssBANK0     0024
_voltage                 bssBANK0     0020
btemp                    (abs)        007E
clear_ram0               clrtext      02DC
delay@delaycount         cstackCOMMON 0070
end_of_initialization    cinit        07FC
init_fetch0              inittext     02F1
init_ram0                inittext     02F5
intlevel0                functab      0000
intlevel1                functab      0000
intlevel2                functab      0000
intlevel3                functab      0000
intlevel4                functab      0000
intlevel5                functab      0000
lcdcmd@i                 cstackCOMMON 0072
lcddata@i                cstackCOMMON 0072
lcdoutput1@i             cstackBANK0  004B
lcdoutput2@i             cstackBANK0  004B
reset_vec                reset_vec    0000
start                    init         0000
start_initialization     cinit        07DE
wtemp0                   (abs)        007E


MODULE INFORMATION

Module		Function		Class		Link	Load	Size
C:\Program Files\Microchip\xc8\v2.45\pic\sources\c99\common\Umul32.c
		___lmul        		CODE           	0345	0000	70

C:\Program Files\Microchip\xc8\v2.45\pic\sources\c99\common\Umul32.c estimated size: 70

taskadcpwm.c
		_init          		CODE           	038B	0000	75
		_delay         		CODE           	02E4	0000	13
		_lcdoutput1    		CODE           	0492	0000	194
		_lcdoutput2    		CODE           	0554	0000	194
		_main          		CODE           	0616	0000	456
		_lcdcmd        		CODE           	032D	0000	24
		_lcddata       		CODE           	0318	0000	21

taskadcpwm.c estimated size: 977

shared
		__initialization		CODE           	07DE	0000	30

shared estimated size: 30

C:\Program Files\Microchip\xc8\v2.45\pic\sources\c99\common\llmod.c
		___llmod       		CODE           	03D6	0000	84

C:\Program Files\Microchip\xc8\v2.45\pic\sources\c99\common\llmod.c estimated size: 84

C:\Program Files\Microchip\xc8\v2.45\pic\sources\c99\common\__lldiv.c
		___lldiv       		CODE           	042A	0000	104

C:\Program Files\Microchip\xc8\v2.45\pic\sources\c99\common\__lldiv.c estimated size: 104

